CREATE TABLE reference_table(user_id int);
SELECT create_reference_table('reference_table');
 create_reference_table 
------------------------
 
(1 row)

INSERT INTO reference_table VALUES (6), (7);
WITH users_events AS (
  SELECT 
      users_table.user_id as user_id,
      events_table.event_type as event_type
  FROM
      users_table,
      events_table
  WHERE
      users_table.user_id = events_table.user_id
  GROUP BY
      users_table.user_id,
      events_table.event_type
)
SELECT 
    *
FROM
    users_events
ORDER BY
  1, 2
LIMIT
  20;
 user_id | event_type 
---------+------------
       1 |          0
       1 |          1
       1 |          2
       1 |          3
       1 |          4
       1 |          6
       2 |          0
       2 |          1
       2 |          2
       2 |          3
       2 |          4
       2 |          5
       3 |          1
       3 |          2
       3 |          3
       3 |          4
       3 |          5
       4 |          0
       4 |          1
       4 |          2
(20 rows)

-- Two colocated CTE under a non-colocated join 
WITH colocated_1 AS (
  SELECT 
    users_table.user_id, events_table.value_2
  FROM
    users_table, events_table
  WHERE
    users_table.user_id = events_table.user_id AND event_type IN (1, 2, 3)
),
colocated_2 AS (
  SELECT 
    users_table.user_id, events_table.value_2
  FROM
    users_table, events_table
  WHERE
    users_table.user_id = events_table.user_id AND event_type IN (4, 5, 6)
)
SELECT colocated_1.user_id, count(*) 
FROM
  colocated_1, colocated_2
WHERE
  colocated_1.value_2 = colocated_2.value_2
GROUP BY
  1
ORDER BY
  2 DESC, 1;
 user_id | count 
---------+-------
       3 | 26792
       4 | 25024
       5 | 22724
       2 | 22554
       6 |  5720
       1 |  5593
(6 rows)

SET citus.task_executor_type TO 'task-tracker';
-- Two non-colocated CTE under a co-located join 
WITH non_colocated_1 AS (
  SELECT 
    users_table.user_id
  FROM
    users_table, events_table
  WHERE
    users_table.user_id = events_table.value_2 AND event_type IN (1, 2, 3)
),
non_colocated_2 AS (
  SELECT 
    users_table.user_id
  FROM
    users_table, events_table
  WHERE
    users_table.user_id = events_table.value_2 AND event_type IN (4, 5, 6)
)
SELECT non_colocated_1.user_id, count(*) 
FROM
  non_colocated_1, non_colocated_2
WHERE
  non_colocated_1.user_id = non_colocated_2.user_id
GROUP BY
  1
ORDER BY
  2 DESC, 1;
 user_id | count 
---------+-------
       2 | 60588
       4 | 21160
       3 | 13005
       5 | 10140
       1 |  4802
(5 rows)

  
-- colocated/noncolocated joins with using window functions
WITH non_colocated AS (
  WITH colocated AS (
    SELECT 
      users_table.user_id as uid, events_table.value_2
    FROM 
      users_table, events_table
    WHERE
      users_table.user_id = events_table.user_id AND event_type IN (1, 2)
  ),
  colocated_2 AS (
    SELECT 
      users_table.user_id as uid, sum(events_table.value_2)
    FROM 
      users_table, events_table
    WHERE
      users_table.user_id = events_table.user_id AND event_type IN (3, 4)
    GROUP BY 1
  )
  SELECT
    colocated.uid, colocated.value_2, lag(colocated_2.sum, 1) OVER (PARTITION BY colocated.uid)
  FROM
    colocated, colocated_2
  WHERE
    colocated.value_2 = colocated_2.uid
  GROUP BY
    1, 2, colocated_2.sum
),
non_colocated_2 AS (
  SELECT 
    users_table.user_id as uid, events_table.value_2
  FROM
    users_table, events_table
  WHERE
    users_table.user_id = events_table.event_type AND event_type IN (5, 6)
)
SELECT
  sum(non_colocated.uid), sum(non_colocated.value_2), sum(non_colocated_2.value_2), sum(lag)
FROM
  non_colocated, non_colocated_2
WHERE 
  non_colocated.uid = non_colocated_2.uid
;
 sum  | sum  | sum  |  sum   
------+------+------+--------
 3820 | 1880 | 1680 | 146228
(1 row)

-- this query doesn't make much sense though but tests colocated join and non-colocated join together
WITH users_events AS (
  WITH colocated_join AS (
    SELECT
      users_table.user_id as uid, events_table.event_type
    FROM
        users_table
      join
        events_table
      on (users_table.user_id = events_table.user_id)
    WHERE
      users_table.value_2 IN (1, 2)
  ),
  non_colocated_join AS (
    SELECT
      users_table.user_id as n_uid, events_table.event_type
    FROM
        users_table
      join
        events_table
      on (users_table.value_2 = events_table.value_2)
  )
  SELECT
    uid, colocated_join.event_type
  FROM
      colocated_join
    INNER join
      non_colocated_join
    on (colocated_join.event_type = non_colocated_join.event_type)
)
SELECT
  sum(uid), sum(event_type)
FROM
  users_events;
  sum   |  sum   
--------+--------
 972702 | 648967
(1 row)

SET citus.task_executor_type = 'real-time';
-- Subqueries in WHERE and FROM are mixed
-- In this query, only subquery in WHERE is not a colocated join
WITH users_events AS (
  WITH colocated_join AS (
    SELECT
      users_table.user_id as uid, event_type
    FROM
        users_table
      join
        events_table
      on (users_table.user_id = events_table.user_id)
    WHERE
      events_table.event_type IN (1, 2, 3)
  ),
  colocated_join_2 AS (
    SELECT
      users_table.user_id, event_type
    FROM
        users_table
      join
        events_table
      on (users_table.user_id = events_table.user_id)
    WHERE
      events_table.event_type IN (4, 5, 6)
  )
  SELECT
    uid, colocated_join.event_type
  FROM
    colocated_join,
    colocated_join_2
  WHERE
    colocated_join.uid = colocated_join_2.user_id AND
    colocated_join.event_type IN (
    WITH some_events AS (
      SELECT
        event_type
      FROM
        events_table
      WHERE 
        user_id < 100 
      GROUP BY 
        1 
      ORDER BY 
        1 
      LIMIT 10
    )
    SELECT
      *
    FROM
      some_events
  )
)
SELECT
  *
FROM
  users_events
ORDER BY 
  1, 2
LIMIT 
  20;
 uid | event_type 
-----+------------
   1 |          1
   1 |          1
   1 |          1
   1 |          1
   1 |          1
   1 |          1
   1 |          1
   1 |          1
   1 |          1
   1 |          1
   1 |          1
   1 |          1
   1 |          1
   1 |          1
   1 |          1
   1 |          1
   1 |          1
   1 |          1
   1 |          1
   1 |          1
(20 rows)

-- cte LEFT JOIN distributed_table should error out
WITH cte AS (
  SELECT * FROM users_table WHERE user_id = 1
)
SELECT cte.user_id, cte.time, events_table.event_type FROM cte LEFT JOIN events_table on cte.user_id=events_table.user_id
ORDER BY 
  1,2,3
LIMIT 
  10;
 user_id |              time               | event_type 
---------+---------------------------------+------------
       1 | Wed Nov 22 22:51:43.132261 2017 |          0
       1 | Wed Nov 22 22:51:43.132261 2017 |          0
       1 | Wed Nov 22 22:51:43.132261 2017 |          1
       1 | Wed Nov 22 22:51:43.132261 2017 |          1
       1 | Wed Nov 22 22:51:43.132261 2017 |          2
       1 | Wed Nov 22 22:51:43.132261 2017 |          2
       1 | Wed Nov 22 22:51:43.132261 2017 |          3
       1 | Wed Nov 22 22:51:43.132261 2017 |          3
       1 | Wed Nov 22 22:51:43.132261 2017 |          3
       1 | Wed Nov 22 22:51:43.132261 2017 |          4
(10 rows)

SELECT a.user_id, a.time, events_table.event_type FROM 
  (
    WITH cte AS (
      SELECT * FROM users_table WHERE user_id = 1
    )
    SELECT * FROM cte
  ) a
  LEFT JOIN 
    events_table 
  on 
    a.user_id=events_table.user_id
ORDER BY 
  1,2,3
LIMIT 
  10;
 user_id |              time               | event_type 
---------+---------------------------------+------------
       1 | Wed Nov 22 22:51:43.132261 2017 |          0
       1 | Wed Nov 22 22:51:43.132261 2017 |          0
       1 | Wed Nov 22 22:51:43.132261 2017 |          1
       1 | Wed Nov 22 22:51:43.132261 2017 |          1
       1 | Wed Nov 22 22:51:43.132261 2017 |          2
       1 | Wed Nov 22 22:51:43.132261 2017 |          2
       1 | Wed Nov 22 22:51:43.132261 2017 |          3
       1 | Wed Nov 22 22:51:43.132261 2017 |          3
       1 | Wed Nov 22 22:51:43.132261 2017 |          3
       1 | Wed Nov 22 22:51:43.132261 2017 |          4
(10 rows)

-- cte LEFT JOIN cte should work
WITH cte AS (
  SELECT * FROM users_table WHERE user_id IN (1, 2)
),
cte_2 AS (
  SELECT * FROM users_table WHERE user_id IN (2, 3)
)
SELECT cte.user_id, cte.time, cte_2.value_2 FROM cte LEFT JOIN cte_2 on cte.user_id=cte_2.user_id
ORDER BY 
  1,2,3
LIMIT 
  10;
 user_id |              time               | value_2 
---------+---------------------------------+---------
       1 | Wed Nov 22 22:51:43.132261 2017 |        
       1 | Thu Nov 23 03:32:50.803031 2017 |        
       1 | Thu Nov 23 09:26:42.145043 2017 |        
       1 | Thu Nov 23 11:11:24.40789 2017  |        
       1 | Thu Nov 23 11:44:57.515981 2017 |        
       1 | Thu Nov 23 17:23:03.441394 2017 |        
       1 | Thu Nov 23 17:30:34.635085 2017 |        
       2 | Wed Nov 22 18:19:49.944985 2017 |       0
       2 | Wed Nov 22 18:19:49.944985 2017 |       1
       2 | Wed Nov 22 18:19:49.944985 2017 |       1
(10 rows)

-- cte as a subquery in left join errors out
SELECT a.user_id, a.time, b.value_2 FROM 
  (
    WITH cte AS (
      SELECT * FROM users_table WHERE user_id IN (1, 2)
    )
    SELECT * FROM cte
  ) a
  LEFT JOIN 
  (
    WITH cte_2 AS (
      SELECT * FROM users_table WHERE user_id IN (2, 3)
    )
    SELECT * FROM cte_2
  ) b
  on 
    a.user_id=b.user_id
ORDER BY 
  1,2,3
LIMIT 
  10;
 user_id |              time               | value_2 
---------+---------------------------------+---------
       1 | Wed Nov 22 22:51:43.132261 2017 |        
       1 | Thu Nov 23 03:32:50.803031 2017 |        
       1 | Thu Nov 23 09:26:42.145043 2017 |        
       1 | Thu Nov 23 11:11:24.40789 2017  |        
       1 | Thu Nov 23 11:44:57.515981 2017 |        
       1 | Thu Nov 23 17:23:03.441394 2017 |        
       1 | Thu Nov 23 17:30:34.635085 2017 |        
       2 | Wed Nov 22 18:19:49.944985 2017 |       0
       2 | Wed Nov 22 18:19:49.944985 2017 |       1
       2 | Wed Nov 22 18:19:49.944985 2017 |       1
(10 rows)

SET client_min_messages TO 'DEBUG2';
-- cte JOIN reference_table should be router plannable
WITH cte AS (
  SELECT * FROM users_table
)
SELECT * FROM cte join reference_table ON cte.user_id + 1 = reference_table.user_id
ORDER BY 1, 2, 3, 4, 5, 6, 7
LIMIT 5;
DEBUG:  recursively planning CTE cte: SELECT user_id, "time", value_1, value_2, value_3, value_4 FROM public.users_table
DEBUG:  Creating router plan
DEBUG:  Plan is router executable
 user_id |              time               | value_1 | value_2 | value_3 | value_4 | user_id 
---------+---------------------------------+---------+---------+---------+---------+---------
       5 | Wed Nov 22 20:43:18.667473 2017 |       0 |       3 |       2 |         |       6
       5 | Wed Nov 22 21:02:07.575129 2017 |       2 |       0 |       2 |         |       6
       5 | Wed Nov 22 22:10:24.315371 2017 |       1 |       2 |       1 |         |       6
       5 | Wed Nov 22 22:31:47.62577 2017  |       3 |       1 |       4 |         |       6
       5 | Wed Nov 22 23:10:42.777699 2017 |       3 |       4 |       5 |         |       6
(5 rows)

-- the most outer query is router plannable
WITH cte_1 AS (
  WITH cte_1_1 AS (
    SELECT * FROM users_table WHERE value_2 IN (2, 3, 4)
  ),
  cte_1_2 AS (
    SELECT cte_1_1.user_id, event_type FROM cte_1_1, events_table where cte_1_1.user_id = events_table.user_id
  )
  SELECT cte_1_2.user_id as uid, event_type, reference_table.user_id FROM cte_1_2 JOIN reference_table on cte_1_2.user_id = reference_table.user_id
)
SELECT * FROM cte_1
ORDER BY 1, 2, 3
LIMIT 5;
DEBUG:  recursively planning CTE cte_1: WITH cte_1_1 AS (SELECT users_table.user_id, users_table."time", users_table.value_1, users_table.value_2, users_table.value_3, users_table.value_4 FROM public.users_table WHERE (users_table.value_2 = ANY (ARRAY[2, 3, 4]))), cte_1_2 AS (SELECT cte_1_1.user_id, events_table.event_type FROM cte_1_1, public.events_table WHERE (cte_1_1.user_id = events_table.user_id)) SELECT cte_1_2.user_id AS uid, cte_1_2.event_type, reference_table.user_id FROM (cte_1_2 JOIN public.reference_table ON ((cte_1_2.user_id = reference_table.user_id)))
DEBUG:  recursively planning CTE cte_1_1: SELECT user_id, "time", value_1, value_2, value_3, value_4 FROM public.users_table WHERE (value_2 = ANY (ARRAY[2, 3, 4]))
DEBUG:  recursively planning CTE cte_1_2: SELECT cte_1_1.user_id, events_table.event_type FROM (SELECT read_records_file.user_id, read_records_file."time", read_records_file.value_1, read_records_file.value_2, read_records_file.value_3, read_records_file.value_4 FROM read_intermediate_result('33_0'::text, 'binary'::citus_copy_format) read_records_file(user_id integer, "time" timestamp without time zone, value_1 integer, value_2 integer, value_3 double precision, value_4 bigint)) cte_1_1, public.events_table WHERE (cte_1_1.user_id = events_table.user_id)
DEBUG:  Creating router plan
DEBUG:  Plan is router executable
DEBUG:  Creating router plan
DEBUG:  Plan is router executable
 uid | event_type | user_id 
-----+------------+---------
   6 |          1 |       6
   6 |          1 |       6
   6 |          1 |       6
   6 |          1 |       6
   6 |          1 |       6
(5 rows)

-- Inner CTE should be router plannable
WITH cte_1 AS (
  WITH cte_1_1 AS (
    SELECT * FROM users_table WHERE value_2 IN (2, 3, 4)
  ),
  cte_1_2 AS (
    SELECT cte_1_1.user_id, event_type FROM cte_1_1, events_table where cte_1_1.user_id = events_table.user_id
  )
  SELECT cte_1_2.user_id, cte_1_2.event_type, reference_table.user_id as uid FROM cte_1_2 JOIN reference_table on cte_1_2.user_id = reference_table.user_id
)
SELECT * FROM cte_1 JOIN events_table on cte_1.event_type=events_table.event_type ORDER BY 1, 2, 3 LIMIT 5;
DEBUG:  recursively planning CTE cte_1: WITH cte_1_1 AS (SELECT users_table.user_id, users_table."time", users_table.value_1, users_table.value_2, users_table.value_3, users_table.value_4 FROM public.users_table WHERE (users_table.value_2 = ANY (ARRAY[2, 3, 4]))), cte_1_2 AS (SELECT cte_1_1.user_id, events_table.event_type FROM cte_1_1, public.events_table WHERE (cte_1_1.user_id = events_table.user_id)) SELECT cte_1_2.user_id, cte_1_2.event_type, reference_table.user_id AS uid FROM (cte_1_2 JOIN public.reference_table ON ((cte_1_2.user_id = reference_table.user_id)))
DEBUG:  recursively planning CTE cte_1_1: SELECT user_id, "time", value_1, value_2, value_3, value_4 FROM public.users_table WHERE (value_2 = ANY (ARRAY[2, 3, 4]))
DEBUG:  recursively planning CTE cte_1_2: SELECT cte_1_1.user_id, events_table.event_type FROM (SELECT read_records_file.user_id, read_records_file."time", read_records_file.value_1, read_records_file.value_2, read_records_file.value_3, read_records_file.value_4 FROM read_intermediate_result('37_0'::text, 'binary'::citus_copy_format) read_records_file(user_id integer, "time" timestamp without time zone, value_1 integer, value_2 integer, value_3 double precision, value_4 bigint)) cte_1_1, public.events_table WHERE (cte_1_1.user_id = events_table.user_id)
DEBUG:  Creating router plan
DEBUG:  Plan is router executable
DEBUG:  push down of limit count: 5
 user_id | event_type | uid | user_id |              time               | event_type | value_2 | value_3 | value_4 
---------+------------+-----+---------+---------------------------------+------------+---------+---------+---------
       6 |          1 |   6 |       5 | Thu Nov 23 04:16:29.402814 2017 |          1 |       3 |       3 |        
       6 |          1 |   6 |       5 | Thu Nov 23 03:23:09.888244 2017 |          1 |       3 |       2 |        
       6 |          1 |   6 |       5 | Thu Nov 23 02:27:02.996588 2017 |          1 |       4 |       1 |        
       6 |          1 |   6 |       5 | Thu Nov 23 14:40:40.467511 2017 |          1 |       4 |       1 |        
       6 |          1 |   6 |       5 | Wed Nov 22 20:45:35.99031 2017  |          1 |       2 |       3 |        
(5 rows)

